// Jest Snapshot v1, https://goo.gl/fbAQLP

exports[`CustomCard.vue should have a custom title and match snapshot 1`] = `
<v-card-stub loaderheight="4" tag="div">
  <v-card-title-stub tag="div"><span>Foobar</span>
    <v-spacer-stub tag="div"></v-spacer-stub>
    <v-btn-stub tag="button" activeclass="" type="button">
      Action
    </v-btn-stub>
  </v-card-title-stub>
  <v-card-text-stub tag="div"></v-card-text-stub>
</v-card-stub>
`;
